MAP
  CONFIG "MS_ERRORFILE" stderr
  FONTSET /osm/camping/campsite-features/notofonts.lst
  DEBUG 0

  # transparent background
  OUTPUTFORMAT
    NAME agg
    DRIVER AGG/PNG8
    MIMETYPE "image/png"
    IMAGEMODE RGBA
    EXTENSION "png"
  END

   OUTPUTFORMAT
     NAME "svg"
     DRIVER CAIRO/SVG
     MIMETYPE "image/svg+xml"
     IMAGEMODE RGB
     EXTENSION "svg"
   END

  WEB
    METADATA
      "ows_enable_request" "*"
      "wms_title"           "campsite_features"
      "wms_onlineresource"  "http://opencampingmap.org/camping-feature/"
      "ows_srs"             "epsg:3857"
      "tile_map_edge_buffer" "60"
    END
  END

  IMAGECOLOR "#FFFFFF"

  PROJECTION
    "init=epsg:3857"
  END

  SYMBOL
    NAME "circle"
    TYPE ELLIPSE
    POINTS 20 20 END
    FILLED TRUE  
  END
  SYMBOL
    NAME "power_supply"
    TYPE svg
    IMAGE "feature-icons/power_supply.svg"
  END
  SYMBOL
    NAME "fire_extinguisher"
    TYPE svg
    IMAGE "feature-icons/fire_extinguisher.svg"
  END
  SYMBOL
    NAME "drinking_water"
    TYPE svg
    IMAGE "feature-icons/drinking_water.svg"
  END
  SYMBOL
    NAME "picnic"
    TYPE svg
    IMAGE "feature-icons/picnic.svg"
  END
  SYMBOL
    NAME "bench"
    TYPE svg
    IMAGE "feature-icons/bench.svg"
  END
  SYMBOL
    NAME "sanitary_dump_station"
    TYPE svg
    IMAGE "feature-icons/sanitary_dump_station.svg"
  END
  SYMBOL
    NAME "toilets"
    TYPE svg
    IMAGE "feature-icons/toilets.svg"
  END
  SYMBOL
    NAME "shower"
    TYPE svg
    IMAGE "feature-icons/shower.svg"
  END
  SYMBOL
    NAME "kitchen"
    TYPE svg
    IMAGE "feature-icons/kitchen.svg"
  END
  SYMBOL
    NAME "sink"
    TYPE svg
    IMAGE "feature-icons/sink.svg"
  END
  SYMBOL
    NAME "reception_desk"
    TYPE svg
    IMAGE "feature-icons/reception_desk.svg"
  END

  LAYER
    TYPE POLYGON
    STATUS ON
    NAME "camp_pitch_poly"
    GROUP "default"
    CONNECTIONTYPE POSTGIS
    CONNECTION "dbname=poi"
    MAXSCALEDENOM 2500 # Z18
    # We need this to tell mapserver, that the database uses epsg:4326
    PROJECTION
      "init=epsg:4326"
    END
    LABELITEM "ref"
    DATA "geom from (
    SELECT
    geom,
    osm_id,
    COALESCE(tags->'ref',tags->'name') as ref,
    tags->'permanent_camping' as permanent_camping,
    tags->'tents' as tents,
    tags->'caravans' as caravans
    FROM osm_poi_poly where tags -> 'tourism' = 'camp_pitch'
    ) as foo using unique osm_id using srid=4326"
    PROCESSING "LABEL_NO_CLIP=True CLOSE_CONNECTION=DEFER"
    CLASS
        EXPRESSION ('[permanent_camping]' IN "yes,only")
        STYLE
          OUTLINECOLOR "#808080"
          WIDTH 0.5
          COLOR "#c7ddc6"
        END
        LABEL
          TYPE TRUETYPE FONT nosans PARTIALS FALSE OUTLINEWIDTH 2
          SIZE 7
          COLOR "#2f2f2f"
          WRAP ' '
          ALIGN CENTER
          FORCE true
          POSITION cc
        END
    END
    CLASS
        EXPRESSION (('[tents]' = 'yes') AND ('[caravans]' = 'no'))
        STYLE
          OUTLINECOLOR "#808080"
          WIDTH 0.5
          COLOR "#e1ddac"
        END
        LABEL
          TYPE TRUETYPE FONT nosans PARTIALS FALSE OUTLINEWIDTH 2
          SIZE 7
          COLOR "#2f2f2f"
          WRAP ' '
          ALIGN CENTER
          FORCE true
          POSITION cc
        END
    END
    CLASS
        EXPRESSION (NOT (('[permanent_camping]' IN "yes,only") OR (('[tents]' = 'yes') AND ('[caravans]' = 'no'))))
        STYLE
          OUTLINECOLOR "#808080"
          WIDTH 0.5
          COLOR "#c7f7ac"
        END
        LABEL
          TYPE TRUETYPE FONT nosans PARTIALS FALSE OUTLINEWIDTH 2
          SIZE 7
          COLOR "#2f2f2f"
          WRAP ' '
          ALIGN CENTER
          FORCE true
          POSITION cc
        END
    END
  END
  LAYER
    TYPE POINT
    STATUS ON
    NAME "camp_pitch_point"
    GROUP "default"
    CONNECTIONTYPE POSTGIS
    CONNECTION "dbname=poi"
    MAXSCALEDENOM 2500 # Z18
    # We need this to tell mapserver, that the database uses epsg:4326
    PROJECTION
      "init=epsg:4326"
    END
    LABELITEM "ref"
    DATA "geom from (
    SELECT
    geom,
    osm_id,
    COALESCE(tags->'ref',tags->'name') as ref,
    tags->'permanent_camping' as permanent_camping,
    tags->'tents' as tents,
    tags->'caravans' as caravans
    FROM osm_poi_point where tags -> 'tourism' = 'camp_pitch'
    ) as foo using unique osm_id using srid=4326"
    PROCESSING "CLOSE_CONNECTION=DEFER"
    CLASS
       EXPRESSION ('[permanent_camping]' IN "yes,only")
       STYLE
         SYMBOL "circle"
         OUTLINECOLOR "#808080"
         OUTLINEWIDTH 0.5
         COLOR "#c7ddc6"
       END
       LABEL
         TYPE TRUETYPE FONT nosans PARTIALS FALSE OUTLINEWIDTH 2
         SIZE 7
         COLOR "#2f2f2f"
         WRAP ' '
         ALIGN CENTER
         POSITION cc
         FORCE true
       END
    END
    CLASS           
       EXPRESSION (('[tents]' = 'yes') AND ('[caravans]' = 'no'))
       STYLE        
         SYMBOL "circle"
         OUTLINECOLOR "#808080"                                                                                                                                                                                                    
         OUTLINEWIDTH 0.5                                                                                                                                                                                                         
         COLOR "#e1ddac"
       END
       LABEL
         TYPE TRUETYPE FONT nosans PARTIALS FALSE OUTLINEWIDTH 2
         SIZE 7
         COLOR "#2f2f2f"
         WRAP ' '
         ALIGN CENTER
         POSITION cc
         FORCE true
       END
    END
    CLASS           
       EXPRESSION (NOT (('[permanent_camping]' IN "yes,only") OR (('[tents]' = 'yes') AND ('[caravans]' = 'no'))))
       STYLE        
         SYMBOL "circle"
         OUTLINECOLOR "#808080"                                                                                                                                                                                                   
         OUTLINEWIDTH 0.5                                                                                                                                                                                                         
         COLOR "#c7f7ac"
       END
       LABEL
         TYPE TRUETYPE FONT nosans PARTIALS FALSE OUTLINEWIDTH 2
         SIZE 7
         COLOR "#2f2f2f"
         WRAP ' '
         ALIGN CENTER
         POSITION cc
         FORCE true
       END
    END
  END

  # reception POI
  LAYER
    TYPE POINT
    STATUS ON
    SIZEUNITS meters
    NAME "reception"
    GROUP "default"
    CONNECTIONTYPE POSTGIS
    CONNECTION "dbname=poi"
    #MAXSCALEDENOM 1250 # Z19
    MAXSCALEDENOM 2500 # Z18
    # We need this to tell mapserver, that the database uses epsg:4326
    PROJECTION
      "init=epsg:4326"
    END
    DATA "geom from ( SELECT ST_PointOnSurface(geom) as geom,osm_id FROM osm_poi_all
    WHERE
    ((tags -> 'camp_site' = 'reception') OR (tags -> 'amenity' = 'reception_desk'))
    AND geom && !BOX!) as foo using unique osm_id using srid=4326"
    CLASS
      STYLE
        SYMBOL "reception_desk"
        OUTLINEWIDTH 0
        SIZE 20
      END
    END
  END

  # power supply POI
  LAYER
    SIZEUNITS pixels
    TYPE POINT
    STATUS ON
    SIZEUNITS pixels
    NAME "power_supply"
    GROUP "default"
    CONNECTIONTYPE POSTGIS
    CONNECTION "dbname=poi"
    MAXSCALEDENOM 1250 # Z19
    # We need this to tell mapserver, that the database uses epsg:4326
    PROJECTION
      "init=epsg:4326"
    END
    DATA "geom from ( SELECT geom,osm_id FROM osm_poi_point where tags -> 'amenity' = 'power_supply') as foo using unique osm_id using srid=4326"
    CLASS
      STYLE
        SYMBOL "power_supply"
        OUTLINEWIDTH 0
        SIZE 16
      END
    END
  END

  # fire extinguisher POI
  LAYER
    SIZEUNITS pixels
    TYPE POINT
    STATUS ON
    SIZEUNITS pixels
    NAME "fire_extinguisher"
    GROUP "default"
    CONNECTIONTYPE POSTGIS
    CONNECTION "dbname=poi"
    MAXSCALEDENOM 1250 # Z19
    # We need this to tell mapserver, that the database uses epsg:4326
    PROJECTION
      "init=epsg:4326"
    END
    DATA "geom from ( SELECT geom,osm_id FROM osm_poi_point where tags -> 'emergency' = 'fire_extinguisher') as foo using unique osm_id using srid=4326"
    CLASS
      STYLE
        SYMBOL "fire_extinguisher"
        OUTLINEWIDTH 0
        SIZE 20
      END
    END
  END

  # water_point/drinking_water POI
  LAYER
    SIZEUNITS pixels
    TYPE POINT
    STATUS ON
    SIZEUNITS pixels
    NAME "fire_extinguisher"
    GROUP "default"
    CONNECTIONTYPE POSTGIS
    CONNECTION "dbname=poi"
    MAXSCALEDENOM 1250 # Z19
    # We need this to tell mapserver, that the database uses epsg:4326
    PROJECTION
      "init=epsg:4326"
    END
    DATA "geom from ( SELECT geom,osm_id FROM osm_poi_point where ((tags -> 'amenity' = 'water_point') OR (tags -> 'amenity' = 'drinking_water') OR ((tags -> 'man_made' = 'water_tap') AND (tags -> 'drinking_water' = 'yes')))) as foo using unique osm_id using srid=4326"
    CLASS
      STYLE
        SYMBOL "drinking_water"
        OUTLINEWIDTH 0
        SIZE 16
      END
    END
  END

  # sanitary dump station POI
  LAYER
    SIZEUNITS pixels
    TYPE POINT
    STATUS ON
    NAME "sanitary_dump_station"
    GROUP "default"
    CONNECTIONTYPE POSTGIS
    CONNECTION "dbname=poi"
    MAXSCALEDENOM 1250 # Z19
    # We need this to tell mapserver, that the database uses epsg:4326
    PROJECTION
      "init=epsg:4326"
    END
    DATA "geom from ( SELECT geom,osm_id FROM osm_poi_point where tags -> 'amenity' = 'sanitary_dump_station') as foo using unique osm_id using srid=4326"
    CLASS
      STYLE
        SYMBOL "sanitary_dump_station"
        OUTLINEWIDTH 0
        SIZE 16
      END
    END
  END

  # leisure = picnic_table POI
  LAYER
    SIZEUNITS pixels
    TYPE POINT
    STATUS ON
    NAME "picnic_table"
    GROUP "default"
    CONNECTIONTYPE POSTGIS
    CONNECTION "dbname=poi"
    MAXSCALEDENOM 2500 # Z18
    # We need this to tell mapserver, that the database uses epsg:4326
    PROJECTION
      "init=epsg:4326"
    END
    DATA "geom from ( SELECT geom,osm_id FROM osm_poi_point where tags -> 'leisure' = 'picnic_table') as foo using unique osm_id using srid=4326"
    CLASS
      STYLE
        SYMBOL "picnic"
        OUTLINEWIDTH 0
	# seem to need this offset to match position form Mapnik OSM rendering
	OFFSET 1 0
        SIZE 16
      END
    END
  END

  # amenity = bench POI
  LAYER
    SIZEUNITS pixels
    TYPE POINT
    STATUS ON
    NAME "bench"
    GROUP "default"
    CONNECTIONTYPE POSTGIS
    CONNECTION "dbname=poi"
    MAXSCALEDENOM 1250 # Z19
    # We need this to tell mapserver, that the database uses epsg:4326
    PROJECTION
      "init=epsg:4326"
    END
    DATA "geom from ( SELECT geom,osm_id FROM osm_poi_point where tags -> 'amenity' = 'bench') as foo using unique osm_id using srid=4326"
    CLASS
      STYLE
        SYMBOL "bench"
        OUTLINEWIDTH 0
	# seem to need this offset to match position form Mapnik OSM rendering
	OFFSET 1 0
        SIZE 16
      END
    END
  END

  # toilet (+shower) POI
  LAYER
    TYPE POINT
    STATUS ON
    SIZEUNITS pixels
    NAME "reception"
    GROUP "default"
    CONNECTIONTYPE POSTGIS
    CONNECTION "dbname=poi"
    MAXSCALEDENOM 1250 # Z19
    # We need this to tell mapserver, that the database uses epsg:4326
    PROJECTION
      "init=epsg:4326"
    END
    DATA "geom from ( SELECT ST_PointOnSurface(geom) as geom,osm_id,CASE WHEN (tags->'shower' = 'no') OR (tags->'shower' is NULL) THEN 'no' ELSE 'yes' END shower FROM osm_poi_all
    WHERE (tags -> 'amenity' = 'toilets')
    AND geom && !BOX!) as foo using unique osm_id using srid=4326"
    # toilets including shower
    CLASS
      EXPRESSION ('[shower]'='yes')
      STYLE
        SYMBOL "toilets"
        OUTLINEWIDTH 0
	# seem to need this offset to match position form Mapnik OSM rendering
	OFFSET 1 0
      END
      STYLE
        SYMBOL "shower"
        OUTLINEWIDTH 0
	# seem to need this offset to match position form Mapnik OSM rendering
	OFFSET 21 0
      END
    END
    # toilets without shower
    CLASS
      EXPRESSION ('[shower]'='no')
      STYLE
        SYMBOL "toilets"
        OUTLINEWIDTH 0
        # seem to need this offset to match position form Mapnik OSM rendering
        OFFSET 1 0
      END         
    END
  END

  # shower POI
  LAYER
    TYPE POINT
    STATUS ON
    SIZEUNITS pixels
    NAME "reception"
    GROUP "default"
    CONNECTIONTYPE POSTGIS
    CONNECTION "dbname=poi"
    MAXSCALEDENOM 1250 # Z19
    # We need this to tell mapserver, that the database uses epsg:4326
    PROJECTION
      "init=epsg:4326"
    END
    DATA "geom from ( SELECT ST_PointOnSurface(geom) as geom,osm_id FROM osm_poi_all
    WHERE (tags -> 'amenity' = 'shower')
    AND geom && !BOX!) as foo using unique osm_id using srid=4326"
    CLASS
      STYLE
        SYMBOL "shower"
        OUTLINEWIDTH 0
	# seem to need this offset to match position form Mapnik OSM rendering
	OFFSET 1 0
      END
    END
  END

  # kitchen POI
  LAYER
    SIZEUNITS pixels
    TYPE POINT
    STATUS ON
    SIZEUNITS pixels
    NAME "kitchen"
    GROUP "default"
    CONNECTIONTYPE POSTGIS
    CONNECTION "dbname=poi"
    MAXSCALEDENOM 1250 # Z19
    # We need this to tell mapserver, that the database uses epsg:4326
    PROJECTION
      "init=epsg:4326"
    END
    DATA "geom from ( SELECT geom,osm_id FROM osm_poi_point where tags -> 'amenity' = 'kitchen') as foo using unique osm_id using srid=4326"
    CLASS
      STYLE
        SYMBOL "kitchen"
        OUTLINEWIDTH 0
        SIZE 20
      END
    END
  END

  # kitchen sink POI
  LAYER
    SIZEUNITS pixels
    TYPE POINT
    STATUS ON
    SIZEUNITS pixels
    NAME "kitchen_sink"
    GROUP "default"
    CONNECTIONTYPE POSTGIS
    CONNECTION "dbname=poi"
    MAXSCALEDENOM 1250 # Z19
    # We need this to tell mapserver, that the database uses epsg:4326
    PROJECTION
      "init=epsg:4326"
    END
    DATA "geom from ( SELECT geom,osm_id FROM osm_poi_point where tags -> 'amenity' = 'sink') as foo using unique osm_id using srid=4326"
    CLASS
      STYLE
        SYMBOL "sink"
        OUTLINEWIDTH 0
        SIZE 20
      END
    END
  END

END
